Restore Archived Project report for FPGA_DE1_Soc
Thu May 18 10:26:19 2017
Quartus Prime Version 16.1.0 Build 196 10/24/2016 SJ Lite Edition


---------------------
; Table of Contents ;
---------------------
  1. Legal Notice
  2. Restore Archived Project Summary
  3. Restore Archived Project Messages
  4. Files Restored
  5. Files Not Restored



----------------
; Legal Notice ;
----------------
Copyright (C) 2016  Intel Corporation. All rights reserved.
Your use of Intel Corporation's design tools, logic functions 
and other software and tools, and its AMPP partner logic 
functions, and any output files from any of the foregoing 
(including device programming or simulation files), and any 
associated documentation or information are expressly subject 
to the terms and conditions of the Intel Program License 
Subscription Agreement, the Intel Quartus Prime License Agreement,
the Intel MegaCore Function License Agreement, or other 
applicable license agreement, including, without limitation, 
that your use is for the sole purpose of programming logic 
devices manufactured by Intel and sold by Intel or its 
authorized distributors.  Please refer to the applicable 
agreement for further details.



+-------------------------------------------------------------------------+
; Restore Archived Project Summary                                        ;
+---------------------------------+---------------------------------------+
; Restore Archived Project Status ; Successful - Thu May 18 10:26:19 2017 ;
; Revision Name                   ; FPGA_DE1_Soc                          ;
; Top-level Entity Name           ; Block3                                ;
; Family                          ; Cyclone V                             ;
+---------------------------------+---------------------------------------+


+-----------------------------------+
; Restore Archived Project Messages ;
+-----------------------------------+
Info: Successfully restored 'C:/Quartus_projects/ltsh/DE1-Soc ART1/FPGA_DE1_Soc_tmp_archive.qar' into the 'C:/Quartus_projects/GPIO_tests' directory
Info: Generated report 'FPGA_DE1_Soc.restore.rpt'


+-------------------------+
; Files Restored          ;
+-------------------------+
; File Name               ;
+-------------------------+
; qar_info.json           ;
; Block3.bdf              ;
; Chain4.cdf              ;
; Clock_1hz.v             ;
; FPGA_DE1_Soc.qpf        ;
; FPGA_DE1_Soc.qsf        ;
; blink_led_gpio.v        ;
; check_keys.v            ;
; clock_freq.v            ;
; control_work.v          ;
; div_10.v                ;
; erf.v                   ;
; frequency_divider.v     ;
; hex_number.v            ;
; indicators.v            ;
; timer.v                 ;
; assignment_defaults.qdf ;
+-------------------------+


+--------------------+
; Files Not Restored ;
+--------------------+
; File Name          ;
+--------------------+


